Flow report for arch
Tue Apr 01 20:17:12 2025
Quartus II 64-Bit Version 13.0.1 Build 232 06/12/2013 Service Pack 1 SJ Web Edition


---------------------
; Table of Contents ;
---------------------
  1. Legal Notice
  2. Flow Summary
  3. Flow Settings
  4. Flow Non-Default Global Settings
  5. Flow Elapsed Time
  6. Flow OS Summary
  7. Flow Log
  8. Flow Messages
  9. Flow Suppressed Messages



----------------
; Legal Notice ;
----------------
Copyright (C) 1991-2013 Altera Corporation
Your use of Altera Corporation's design tools, logic functions 
and other software and tools, and its AMPP partner logic 
functions, and any output files from any of the foregoing 
(including device programming or simulation files), and any 
associated documentation or information are expressly subject 
to the terms and conditions of the Altera Program License 
Subscription Agreement, Altera MegaCore Function License 
Agreement, or other applicable license agreement, including, 
without limitation, that your use is for the sole purpose of 
programming logic devices manufactured by Altera and sold by 
Altera or its authorized distributors.  Please refer to the 
applicable agreement for further details.



+--------------------------------------------------------------------------------------+
; Flow Summary                                                                         ;
+------------------------------------+-------------------------------------------------+
; Flow Status                        ; Successful - Tue Apr 01 20:17:12 2025           ;
; Quartus II 64-Bit Version          ; 13.0.1 Build 232 06/12/2013 SP 1 SJ Web Edition ;
; Revision Name                      ; arch                                            ;
; Top-level Entity Name              ; memtest                                         ;
; Family                             ; Cyclone II                                      ;
; Device                             ; EP2C8Q208C8                                     ;
; Timing Models                      ; Final                                           ;
; Total logic elements               ; 278 / 8,256 ( 3 % )                             ;
;     Total combinational functions  ; 278 / 8,256 ( 3 % )                             ;
;     Dedicated logic registers      ; 0 / 8,256 ( 0 % )                               ;
; Total registers                    ; 0                                               ;
; Total pins                         ; 27 / 138 ( 20 % )                               ;
; Total virtual pins                 ; 0                                               ;
; Total memory bits                  ; 0 / 165,888 ( 0 % )                             ;
; Embedded Multiplier 9-bit elements ; 0 / 36 ( 0 % )                                  ;
; Total PLLs                         ; 0 / 2 ( 0 % )                                   ;
+------------------------------------+-------------------------------------------------+


+-----------------------------------------+
; Flow Settings                           ;
+-------------------+---------------------+
; Option            ; Setting             ;
+-------------------+---------------------+
; Start date & time ; 04/01/2025 20:17:00 ;
; Main task         ; Compilation         ;
; Revision Name     ; arch                ;
+-------------------+---------------------+


+-------------------------------------------------------------------------------------------------------------------------------+
; Flow Non-Default Global Settings                                                                                              ;
+-------------------------------------+------------------------------------------+---------------+-------------+----------------+
; Assignment Name                     ; Value                                    ; Default Value ; Entity Name ; Section Id     ;
+-------------------------------------+------------------------------------------+---------------+-------------+----------------+
; COMPILER_SIGNATURE_ID               ; 110289793185656.174350982014648          ; --            ; --          ; --             ;
; EDA_GENERATE_FUNCTIONAL_NETLIST     ; On                                       ; --            ; --          ; eda_simulation ;
; EDA_OUTPUT_DATA_FORMAT              ; Verilog Hdl                              ; --            ; --          ; eda_simulation ;
; EDA_SIMULATION_TOOL                 ; ModelSim-Altera (Verilog)                ; <None>        ; --          ; --             ;
; EDA_TIME_SCALE                      ; 1 ps                                     ; --            ; --          ; eda_simulation ;
; IP_TOOL_NAME                        ; In-System Sources and Probes             ; --            ; --          ; --             ;
; IP_TOOL_VERSION                     ; 13.0                                     ; --            ; --          ; --             ;
; MAX_CORE_JUNCTION_TEMP              ; 85                                       ; --            ; --          ; --             ;
; MIN_CORE_JUNCTION_TEMP              ; 0                                        ; --            ; --          ; --             ;
; MISC_FILE                           ; sandp.cmp                                ; --            ; --          ; --             ;
; PARTITION_COLOR                     ; 16764057                                 ; --            ; memtest     ; Top            ;
; PARTITION_FITTER_PRESERVATION_LEVEL ; PLACEMENT_AND_ROUTING                    ; --            ; memtest     ; Top            ;
; PARTITION_NETLIST_TYPE              ; SOURCE                                   ; --            ; memtest     ; Top            ;
; POWER_BOARD_THERMAL_MODEL           ; None (CONSERVATIVE)                      ; --            ; --          ; --             ;
; POWER_PRESET_COOLING_SOLUTION       ; 23 MM HEAT SINK WITH 200 LFPM AIRFLOW    ; --            ; --          ; --             ;
; PROJECT_OUTPUT_DIRECTORY            ; output_files                             ; --            ; --          ; --             ;
; SEARCH_PATH                         ; d:\code\quartus\computer_arch\design\bsf ; --            ; --          ; --             ;
; TOP_LEVEL_ENTITY                    ; memtest                                  ; arch          ; --          ; --             ;
+-------------------------------------+------------------------------------------+---------------+-------------+----------------+


+-------------------------------------------------------------------------------------------------------------------------------+
; Flow Elapsed Time                                                                                                             ;
+---------------------------+--------------+-------------------------+---------------------+------------------------------------+
; Module Name               ; Elapsed Time ; Average Processors Used ; Peak Virtual Memory ; Total CPU Time (on all processors) ;
+---------------------------+--------------+-------------------------+---------------------+------------------------------------+
; Analysis & Synthesis      ; 00:00:01     ; 1.0                     ; 4645 MB             ; 00:00:01                           ;
; Fitter                    ; 00:00:03     ; 1.0                     ; 4822 MB             ; 00:00:03                           ;
; Assembler                 ; 00:00:00     ; 1.0                     ; 4568 MB             ; 00:00:00                           ;
; TimeQuest Timing Analyzer ; 00:00:00     ; 1.0                     ; 4545 MB             ; 00:00:00                           ;
; EDA Netlist Writer        ; 00:00:00     ; 1.0                     ; 4522 MB             ; 00:00:00                           ;
; EDA Netlist Writer        ; 00:00:00     ; 1.0                     ; 4525 MB             ; 00:00:00                           ;
; EDA Netlist Writer        ; 00:00:00     ; 1.0                     ; 4525 MB             ; 00:00:00                           ;
; Total                     ; 00:00:04     ; --                      ; --                  ; 00:00:04                           ;
+---------------------------+--------------+-------------------------+---------------------+------------------------------------+


+----------------------------------------------------------------------------------------+
; Flow OS Summary                                                                        ;
+---------------------------+------------------+-----------+------------+----------------+
; Module Name               ; Machine Hostname ; OS Name   ; OS Version ; Processor type ;
+---------------------------+------------------+-----------+------------+----------------+
; Analysis & Synthesis      ; terminal-shiyo   ; Windows 7 ; 6.2        ; x86_64         ;
; Fitter                    ; terminal-shiyo   ; Windows 7 ; 6.2        ; x86_64         ;
; Assembler                 ; terminal-shiyo   ; Windows 7 ; 6.2        ; x86_64         ;
; TimeQuest Timing Analyzer ; terminal-shiyo   ; Windows 7 ; 6.2        ; x86_64         ;
; EDA Netlist Writer        ; terminal-shiyo   ; Windows 7 ; 6.2        ; x86_64         ;
; EDA Netlist Writer        ; terminal-shiyo   ; Windows 7 ; 6.2        ; x86_64         ;
; EDA Netlist Writer        ; terminal-shiyo   ; Windows 7 ; 6.2        ; x86_64         ;
+---------------------------+------------------+-----------+------------+----------------+


------------
; Flow Log ;
------------
quartus_map --read_settings_files=on --write_settings_files=off arch -c arch
quartus_fit --read_settings_files=off --write_settings_files=off arch -c arch
quartus_asm --read_settings_files=off --write_settings_files=off arch -c arch
quartus_sta arch -c arch
quartus_eda --read_settings_files=off --write_settings_files=off arch -c arch
quartus_eda --gen_testbench --check_outputs=on --tool=modelsim_oem --format=verilog arch -c arch --vector_source=E:/Project/FPGA/design/VWF/memsys.vwf --testbench_file=./simulation/qsim/arch.vt
quartus_eda --functional=on --simulation=on --tool=modelsim_oem --format=verilog arch -c arch



